// Jest Snapshot v1, https://goo.gl/fbAQLP

exports[`community_flashhelp/heroLayout renders correctly 1`] = `
<community_flashhelp-hero-layout>
  #shadow-root(open)
    <slot
      name="header"
    />
    <slot
      name="hero"
    />
    <slot />
    <slot
      name="footer"
    />
</community_flashhelp-hero-layout>
`;
