// Jest Snapshot v1, https://goo.gl/fbAQLP

exports[`community_flashhelp/about renders correctly 1`] = `
<community_flashhelp-about>
  #shadow-root(open)
    <div
      class="slds-align_absolute-center slds-text-heading_large"
      style="height: 5rem;"
    >
      About
    </div>
</community_flashhelp-about>
`;
