// Jest Snapshot v1, https://goo.gl/fbAQLP

exports[`community_flashhelp/confirmation renders correctly 1`] = `
<community_flashhelp-confirmation>
  #shadow-root(open)
    <div
      class="confirmation"
    >
      <div
        class="container-fluid slds-text-align_center"
      >
        <h1
          class="slds-text-heading_large"
        >
          Thank you for applying for the Hurricane Harvey Immediate Assistance Program. You will receive an email/text in the next 24 hours regarding the status of your application.
        </h1>
      </div>
    </div>
</community_flashhelp-confirmation>
`;
