// Jest Snapshot v1, https://goo.gl/fbAQLP

exports[`community_flashhelp/hero renders correctly 1`] = `
<community_flashhelp-hero>
  #shadow-root(open)
    <div
      class="jumbotron harvey"
    >
      <div
        class="container-fluid slds-text-align_center text-block"
      >
        <h1
          class="hidden-sm hidden-xs"
        >
          Hurricane Harvey Relief Information
        </h1>
        <p
          class="page-subtitle color-subdued"
        >
          Across storm-battered areas, we continue to deliver support
        </p>
      </div>
    </div>
</community_flashhelp-hero>
`;
