// Jest Snapshot v1, https://goo.gl/fbAQLP

exports[`community_flashhelp/twoRow renders correctly 1`] = `
<community_flashhelp-two-row>
  #shadow-root(open)
    <slot
      name="title"
    />
    <slot
      name="main"
    />
</community_flashhelp-two-row>
`;
